Warning: NMake does not support parallel builds. Ignoring parallel build command line option.
[  1%] Building CXX object CMakeFiles/tf2_demo_native.dir/src/main.cpp.obj
main.cpp
D:\TF2_Native_Test\native\src\main.cpp(1284): warning C4457: “instance”的声明隐藏了函数参数
D:\TF2_Native_Test\native\src\main.cpp(417): note: 参见“instance”的声明
[  2%] Building CXX object CMakeFiles/tf2_demo_native.dir/src/demo_header.cpp.obj
demo_header.cpp
[  3%] Building CXX object CMakeFiles/tf2_demo_native.dir/src/native_renderer.cpp.obj
native_renderer.cpp
[  4%] Building CXX object CMakeFiles/tf2_demo_native.dir/src/asset_root.cpp.obj
asset_root.cpp
[  5%] Building CXX object CMakeFiles/tf2_demo_native.dir/src/vpk_archive.cpp.obj
vpk_archive.cpp
[  5%] Building CXX object CMakeFiles/tf2_demo_native.dir/src/vtf_texture.cpp.obj
vtf_texture.cpp
[  6%] Building CXX object CMakeFiles/tf2_demo_native.dir/src/model_loader.cpp.obj
model_loader.cpp
[  7%] Building CXX object CMakeFiles/tf2_demo_native.dir/src/entity_model.cpp.obj
entity_model.cpp
[  8%] Building CXX object CMakeFiles/tf2_demo_native.dir/src/vmt_material.cpp.obj
vmt_material.cpp
[  9%] Building CXX object CMakeFiles/tf2_demo_native.dir/src/audio_resource.cpp.obj
audio_resource.cpp
[ 10%] Building CXX object CMakeFiles/tf2_demo_native.dir/src/audio_player.cpp.obj
audio_player.cpp
[ 11%] Building CXX object CMakeFiles/tf2_demo_native.dir/src/audio_timeline.cpp.obj
audio_timeline.cpp
[ 12%] Building CXX object CMakeFiles/tf2_demo_native.dir/src/effects_timeline.cpp.obj
effects_timeline.cpp
[ 12%] Building CXX object CMakeFiles/tf2_demo_native.dir/src/pcf_operators.cpp.obj
pcf_operators.cpp
[ 13%] Building CXX object CMakeFiles/tf2_demo_native.dir/src/playback_hud.cpp.obj
playback_hud.cpp
[ 14%] Building CXX object CMakeFiles/tf2_demo_native.dir/src/bsp_map.cpp.obj
bsp_map.cpp
[ 15%] Building C object CMakeFiles/tf2_demo_native.dir/third_party/lzma/LzmaDec.c.obj
LzmaDec.c
[ 16%] Building CXX object CMakeFiles/tf2_demo_native.dir/src/texture2d.cpp.obj
texture2d.cpp
[ 17%] Building CXX object CMakeFiles/tf2_demo_native.dir/src/settings_store.cpp.obj
settings_store.cpp
[ 18%] Building CXX object CMakeFiles/tf2_demo_native.dir/src/item_schema.cpp.obj
item_schema.cpp
[ 19%] Building CXX object CMakeFiles/tf2_demo_native.dir/src/native_ui.cpp.obj
native_ui.cpp
?⒁? 包含文件:         C:/Program Files (x86)/Windows Kits/10/Include/10.0.26100.0/ucrt\float.h
[ 19%] Linking CXX executable tf2_demo_native.exe
[ 19%] Built target tf2_demo_native
[ 19%] Building CXX object CMakeFiles/item_schema_probe.dir/tools/item_schema_probe.cpp.obj
item_schema_probe.cpp
[ 20%] Building CXX object CMakeFiles/item_schema_probe.dir/src/item_schema.cpp.obj
item_schema.cpp
[ 21%] Building CXX object CMakeFiles/item_schema_probe.dir/src/proto_wire.cpp.obj
proto_wire.cpp
[ 22%] Linking CXX executable item_schema_probe.exe
[ 22%] Built target item_schema_probe
[ 23%] Building CXX object CMakeFiles/temp_effect_probe.dir/tools/temp_effect_probe.cpp.obj
temp_effect_probe.cpp
[ 24%] Building CXX object CMakeFiles/temp_effect_probe.dir/src/effects_timeline.cpp.obj
effects_timeline.cpp
[ 25%] Linking CXX executable temp_effect_probe.exe
[ 25%] Built target temp_effect_probe
[ 26%] Building CXX object CMakeFiles/temp_entities_fixture_probe.dir/tools/temp_entities_fixture_probe.cpp.obj
temp_entities_fixture_probe.cpp
[ 27%] Linking CXX executable temp_entities_fixture_probe.exe
[ 27%] Built target temp_entities_fixture_probe
[ 28%] Building CXX object CMakeFiles/demo_open_probe.dir/tools/demo_open_probe.cpp.obj
demo_open_probe.cpp
?⒁? 包含文件:             C:/Program Files/Microsoft Visual Studio/2022/Community/VC/Tools/MSVC/14.44.35207/include\smmintrin.h
[ 29%] Building CXX object CMakeFiles/demo_open_probe.dir/src/demo_header.cpp.obj
demo_header.cpp
[ 30%] Building CXX object CMakeFiles/demo_open_probe.dir/src/proto_wire.cpp.obj
proto_wire.cpp
[ 31%] Building CXX object CMakeFiles/demo_open_probe.dir/src/item_schema.cpp.obj
item_schema.cpp
[ 32%] Building CXX object CMakeFiles/demo_open_probe.dir/src/vpk_archive.cpp.obj
vpk_archive.cpp
[ 33%] Building C object CMakeFiles/demo_open_probe.dir/third_party/lzma/LzmaDec.c.obj
LzmaDec.c
[ 34%] Linking CXX executable demo_open_probe.exe
[ 34%] Built target demo_open_probe
[ 35%] Building CXX object CMakeFiles/pcf_capability_probe.dir/tools/pcf_capability_probe.cpp.obj
pcf_capability_probe.cpp
[ 36%] Building CXX object CMakeFiles/pcf_capability_probe.dir/src/vpk_archive.cpp.obj
vpk_archive.cpp
[ 37%] Linking CXX executable pcf_capability_probe.exe
[ 37%] Built target pcf_capability_probe
[ 38%] Building CXX object CMakeFiles/material_chain_probe.dir/tools/material_chain_probe.cpp.obj
material_chain_probe.cpp
[ 39%] Building CXX object CMakeFiles/material_chain_probe.dir/src/vtf_texture.cpp.obj
vtf_texture.cpp
[ 40%] Building CXX object CMakeFiles/material_chain_probe.dir/src/bsp_map.cpp.obj
bsp_map.cpp
[ 41%] Building CXX object CMakeFiles/material_chain_probe.dir/src/vmt_material.cpp.obj
vmt_material.cpp
[ 41%] Building CXX object CMakeFiles/material_chain_probe.dir/src/vpk_archive.cpp.obj
vpk_archive.cpp
[ 42%] Building C object CMakeFiles/material_chain_probe.dir/third_party/lzma/LzmaDec.c.obj
LzmaDec.c
[ 43%] Linking CXX executable material_chain_probe.exe
[ 43%] Built target material_chain_probe
[ 44%] Building CXX object CMakeFiles/world_material_probe.dir/tools/world_material_probe.cpp.obj
world_material_probe.cpp
[ 45%] Building CXX object CMakeFiles/world_material_probe.dir/src/bsp_map.cpp.obj
bsp_map.cpp
[ 46%] Building C object CMakeFiles/world_material_probe.dir/third_party/lzma/LzmaDec.c.obj
LzmaDec.c
[ 47%] Linking CXX executable world_material_probe.exe
[ 47%] Built target world_material_probe
[ 48%] Building CXX object CMakeFiles/presentation_probe.dir/tools/presentation_probe.cpp.obj
presentation_probe.cpp
[ 48%] Building CXX object CMakeFiles/presentation_probe.dir/src/demo_header.cpp.obj
demo_header.cpp
[ 49%] Building C object CMakeFiles/presentation_probe.dir/third_party/lzma/LzmaDec.c.obj
LzmaDec.c
[ 50%] Linking CXX executable presentation_probe.exe
[ 50%] Built target presentation_probe
[ 50%] Building CXX object CMakeFiles/texture_quad_probe.dir/tools/texture_quad_probe.cpp.obj
texture_quad_probe.cpp
[ 51%] Building CXX object CMakeFiles/texture_quad_probe.dir/src/vtf_texture.cpp.obj
vtf_texture.cpp
[ 52%] Linking CXX executable texture_quad_probe.exe
[ 52%] Built target texture_quad_probe
[ 53%] Building CXX object CMakeFiles/model_pose_probe.dir/tools/model_pose_probe.cpp.obj
model_pose_probe.cpp
?⒁? 包含文件:      C:/Program Files/Microsoft Visual Studio/2022/Community/VC/Tools/MSVC/14.44.35207/include\sal.h
[ 54%] Building CXX object CMakeFiles/model_pose_probe.dir/src/model_loader.cpp.obj
model_loader.cpp
[ 55%] Building CXX object CMakeFiles/model_pose_probe.dir/src/asset_root.cpp.obj
asset_root.cpp
[ 56%] Building CXX object CMakeFiles/model_pose_probe.dir/src/vpk_archive.cpp.obj
vpk_archive.cpp
[ 57%] Building CXX object CMakeFiles/model_pose_probe.dir/src/demo_header.cpp.obj
demo_header.cpp
[ 58%] Building CXX object CMakeFiles/model_pose_probe.dir/src/item_schema.cpp.obj
item_schema.cpp
[ 58%] Linking CXX executable model_pose_probe.exe
[ 58%] Built target model_pose_probe
[ 58%] Building CXX object CMakeFiles/entity_model_probe.dir/tools/entity_model_probe.cpp.obj
entity_model_probe.cpp
[ 59%] Building CXX object CMakeFiles/entity_model_probe.dir/src/entity_model.cpp.obj
entity_model.cpp
?⒁? 包含文件:     C:/Program Files/Microsoft Visual Studio/2022/Community/VC/Tools/MSVC/14.44.35207/include\yvals_core.h
[ 60%] Building CXX object CMakeFiles/entity_model_probe.dir/src/model_loader.cpp.obj
model_loader.cpp
[ 61%] Building CXX object CMakeFiles/entity_model_probe.dir/src/asset_root.cpp.obj
asset_root.cpp
[ 62%] Building CXX object CMakeFiles/entity_model_probe.dir/src/vpk_archive.cpp.obj
vpk_archive.cpp
?⒁? 包含文件:        C:/Program Files/Microsoft Visual Studio/2022/Community/VC/Tools/MSVC/14.44.35207/include\xpolymorphic_allocator.h
[ 63%] Building CXX object CMakeFiles/entity_model_probe.dir/src/demo_header.cpp.obj
demo_header.cpp
[ 64%] Building CXX object CMakeFiles/entity_model_probe.dir/src/item_schema.cpp.obj
item_schema.cpp
[ 65%] Linking CXX executable entity_model_probe.exe
[ 65%] Built target entity_model_probe
[ 66%] Building CXX object CMakeFiles/viewmodel_fov_probe.dir/tools/viewmodel_fov_probe.cpp.obj
viewmodel_fov_probe.cpp
[ 67%] Linking CXX executable viewmodel_fov_probe.exe
[ 67%] Built target viewmodel_fov_probe
[ 67%] Building CXX object CMakeFiles/animation_viewmodel_probe.dir/tools/animation_viewmodel_probe.cpp.obj
animation_viewmodel_probe.cpp
[ 68%] Building CXX object CMakeFiles/animation_viewmodel_probe.dir/src/animation_decoder.cpp.obj
animation_decoder.cpp
?⒁? 包含文件:        C:/Program Files (x86)/Windows Kits/10/Include/10.0.26100.0/ucrt\corecrt_share.h
[ 69%] Building CXX object CMakeFiles/animation_viewmodel_probe.dir/src/viewmodel.cpp.obj
viewmodel.cpp
[ 70%] Building CXX object CMakeFiles/animation_viewmodel_probe.dir/src/model_loader.cpp.obj
model_loader.cpp
[ 71%] Building CXX object CMakeFiles/animation_viewmodel_probe.dir/src/asset_root.cpp.obj
asset_root.cpp
[ 72%] Building CXX object CMakeFiles/animation_viewmodel_probe.dir/src/vpk_archive.cpp.obj
vpk_archive.cpp
[ 73%] Building CXX object CMakeFiles/animation_viewmodel_probe.dir/src/demo_header.cpp.obj
demo_header.cpp
[ 74%] Building CXX object CMakeFiles/animation_viewmodel_probe.dir/src/item_schema.cpp.obj
item_schema.cpp
[ 74%] Linking CXX executable animation_viewmodel_probe.exe
[ 74%] Built target animation_viewmodel_probe
[ 75%] Building CXX object CMakeFiles/audio_effects_probe.dir/tools/audio_effects_probe.cpp.obj
audio_effects_probe.cpp
[ 76%] Building CXX object CMakeFiles/audio_effects_probe.dir/src/audio_player.cpp.obj
audio_player.cpp
?⒁? 包含文件:     C:/Program Files (x86)/Windows Kits/10/Include/10.0.26100.0/um\libloaderapi.h
[ 77%] Building CXX object CMakeFiles/audio_effects_probe.dir/src/audio_timeline.cpp.obj
audio_timeline.cpp
[ 78%] Building CXX object CMakeFiles/audio_effects_probe.dir/src/audio_resource.cpp.obj
audio_resource.cpp
[ 79%] Building CXX object CMakeFiles/audio_effects_probe.dir/src/effects_timeline.cpp.obj
effects_timeline.cpp
[ 80%] Building CXX object CMakeFiles/audio_effects_probe.dir/src/pcf_operators.cpp.obj
pcf_operators.cpp
[ 81%] Building CXX object CMakeFiles/audio_effects_probe.dir/src/playback_hud.cpp.obj
playback_hud.cpp
[ 81%] Building CXX object CMakeFiles/audio_effects_probe.dir/src/vpk_archive.cpp.obj
vpk_archive.cpp
[ 82%] Building C object CMakeFiles/audio_effects_probe.dir/third_party/lzma/LzmaDec.c.obj
LzmaDec.c
[ 83%] Linking CXX executable audio_effects_probe.exe
[ 83%] Built target audio_effects_probe
[ 84%] Building CXX object CMakeFiles/audio_scheduler_probe.dir/tools/audio_scheduler_probe.cpp.obj
audio_scheduler_probe.cpp
[ 85%] Building CXX object CMakeFiles/audio_scheduler_probe.dir/src/audio_player.cpp.obj
audio_player.cpp
?⒁? 包含文件:       C:/Program Files (x86)/Windows Kits/10/Include/10.0.26100.0/shared\kernelspecs.h
[ 86%] Building CXX object CMakeFiles/audio_scheduler_probe.dir/src/audio_timeline.cpp.obj
audio_timeline.cpp
[ 87%] Building CXX object CMakeFiles/audio_scheduler_probe.dir/src/audio_resource.cpp.obj
audio_resource.cpp
[ 88%] Building CXX object CMakeFiles/audio_scheduler_probe.dir/src/vpk_archive.cpp.obj
vpk_archive.cpp
[ 88%] Linking CXX executable audio_scheduler_probe.exe
[ 88%] Built target audio_scheduler_probe
[ 89%] Building CXX object CMakeFiles/winmm_sink_probe.dir/tools/winmm_sink_probe.cpp.obj
winmm_sink_probe.cpp
[ 90%] Linking CXX executable winmm_sink_probe.exe
[ 90%] Built target winmm_sink_probe
[ 91%] Building CXX object CMakeFiles/native_install_smoke_probe.dir/tools/native_install_smoke_probe.cpp.obj
native_install_smoke_probe.cpp
[ 92%] Building CXX object CMakeFiles/native_install_smoke_probe.dir/src/asset_root.cpp.obj
asset_root.cpp
[ 93%] Linking CXX executable native_install_smoke_probe.exe
[ 93%] Built target native_install_smoke_probe
[ 94%] Building CXX object CMakeFiles/native_ui_probe.dir/tools/native_ui_probe.cpp.obj
native_ui_probe.cpp
[ 95%] Building CXX object CMakeFiles/native_ui_probe.dir/src/native_ui.cpp.obj
native_ui.cpp
[ 96%] Building CXX object CMakeFiles/native_ui_probe.dir/src/demo_header.cpp.obj
demo_header.cpp
[ 97%] Building CXX object CMakeFiles/native_ui_probe.dir/src/proto_wire.cpp.obj
proto_wire.cpp
[ 97%] Building CXX object CMakeFiles/native_ui_probe.dir/src/item_schema.cpp.obj
item_schema.cpp
[ 98%] Building CXX object CMakeFiles/native_ui_probe.dir/src/vpk_archive.cpp.obj
vpk_archive.cpp
[ 99%] Building C object CMakeFiles/native_ui_probe.dir/third_party/lzma/LzmaDec.c.obj
LzmaDec.c
[100%] Linking CXX executable native_ui_probe.exe
[100%] Built target native_ui_probe
